ab-falsify80-0.json.gz best_fit 0 2.3
ab-falsify80-1.json.gz {'ab': 'ab_best_fit', 'a': 10, 'b': 13} -4 2.5
ab-falsify80-2.json.gz {'ab': 'ab_first_fit', 'a': 15, 'b': 16} -2 2.4
ab-falsify80-3.json.gz {'ab': 'ab_best_fit', 'a': 12, 'b': 15} -4 2.2
ab-falsify80-4.json.gz {'ab': 'ab_best_fit', 'a': 8, 'b': 11} -2 2.1
ab-falsify80-5.json.gz {'ab': 'ab_first_fit', 'a': 11, 'b': 12} -6 2.1
ab-falsify80-6.json.gz {'ab': 'ab_first_fit', 'a': 15, 'b': 18} -7 2.2
ab-falsify80-7.json.gz {'ab': 'ab_first_fit', 'a': 14, 'b': 16} -2 2.2
ab-falsify80-8.json.gz {'ab': 'ab_first_fit', 'a': 13, 'b': 16} -5 2.2
ab-falsify80-9.json.gz {'ab': 'ab_best_fit', 'a': 11, 'b': 14} -4 2.2
ab-falsify80-10.json.gz {'ab': 'ab_best_fit', 'a': 9, 'b': 11} -4 2.2
ab-falsify80-11.json.gz {'ab': 'ab_best_fit', 'a': 13, 'b': 16} -6 2.5
ab-falsify80-12.json.gz {'ab': 'ab_best_fit', 'a': 14, 'b': 16} -8 2.8
ab-falsify80-13.json.gz {'ab': 'ab_best_fit', 'a': 11, 'b': 14} -4 3.2
ab-falsify80-14.json.gz {'ab': 'ab_worst_fit', 'a': 13, 'b': 16} -8 3.5
ab-falsify80-15.json.gz {'ab': 'ab_first_fit', 'a': 15, 'b': 17} -5 3.1
ab-falsify80-16.json.gz {'ab': 'ab_first_fit', 'a': 10, 'b': 13} -5 3.0
ab-falsify80-17.json.gz {'ab': 'ab_best_fit', 'a': 11, 'b': 13} -1 2.5
ab-falsify80-18.json.gz {'ab': 'ab_best_fit', 'a': 10, 'b': 12} -6 2.1
ab-falsify80-19.json.gz {'ab': 'ab_best_fit', 'a': 14, 'b': 23} -7 3.0
ab-weibull500-0.json.gz {'ab': 'ab_worst_fit', 'a': 3, 'b': 21} -191 6.0
ab-weibull500-1.json.gz {'ab': 'ab_worst_fit', 'a': 4, 'b': 20} -194 5.1
ab-weibull500-2.json.gz {'ab': 'ab_worst_fit', 'a': 3, 'b': 20} -208 6.0
ab-weibull500-3.json.gz {'ab': 'ab_worst_fit', 'a': 3, 'b': 22} -185 6.4
ab-weibull500-4.json.gz {'ab': 'ab_worst_fit', 'a': 3, 'b': 18} -199 6.5
ab-weibull500-5.json.gz {'ab': 'ab_worst_fit', 'a': 3, 'b': 18} -188 6.3
ab-weibull500-6.json.gz {'ab': 'ab_worst_fit', 'a': 3, 'b': 20} -200 6.3
ab-weibull500-7.json.gz {'ab': 'ab_worst_fit', 'a': 3, 'b': 19} -181 6.5
ab-weibull500-8.json.gz {'ab': 'ab_worst_fit', 'a': 3, 'b': 19} -179 6.4
ab-weibull500-9.json.gz {'ab': 'ab_worst_fit', 'a': 3, 'b': 19} -189 6.3
ab-weibull500-10.json.gz {'ab': 'ab_worst_fit', 'a': 3, 'b': 18} -188 6.4
ab-weibull500-11.json.gz {'ab': 'ab_worst_fit', 'a': 3, 'b': 20} -184 5.6
ab-weibull500-12.json.gz {'ab': 'ab_worst_fit', 'a': 2, 'b': 22} -192 6.3
ab-weibull500-13.json.gz {'ab': 'ab_worst_fit', 'a': 3, 'b': 18} -173 6.1
ab-weibull500-14.json.gz {'ab': 'ab_worst_fit', 'a': 3, 'b': 24} -179 6.2
ab-weibull500-15.json.gz {'ab': 'ab_worst_fit', 'a': 3, 'b': 22} -197 6.3
ab-weibull500-16.json.gz {'ab': 'ab_worst_fit', 'a': 3, 'b': 22} -189 5.8
ab-weibull500-17.json.gz {'ab': 'ab_worst_fit', 'a': 3, 'b': 22} -209 5.5
ab-weibull500-18.json.gz {'ab': 'ab_worst_fit', 'a': 3, 'b': 19} -191 5.6
ab-weibull500-19.json.gz {'ab': 'ab_worst_fit', 'a': 3, 'b': 20} -202 5.9
ab-weibull5k-0.json.gz {'ab': 'ab_worst_fit', 'a': 1, 'b': 19} -259 34.8
ab-weibull5k-1.json.gz {'ab': 'ab_worst_fit', 'a': 1, 'b': 20} -268 36.2
ab-weibull5k-2.json.gz {'ab': 'ab_worst_fit', 'a': 1, 'b': 20} -267 42.8
ab-weibull5k-3.json.gz {'ab': 'ab_worst_fit', 'a': 1, 'b': 18} -273 45.1
ab-weibull5k-4.json.gz {'ab': 'ab_worst_fit', 'a': 1, 'b': 22} -259 42.0
ab-weibull5k-5.json.gz {'ab': 'ab_worst_fit', 'a': 1, 'b': 21} -265 41.6
ab-weibull5k-6.json.gz {'ab': 'ab_worst_fit', 'a': 1, 'b': 21} -272 40.6
ab-weibull5k-7.json.gz {'ab': 'ab_worst_fit', 'a': 1, 'b': 21} -261 40.5
ab-weibull5k-8.json.gz {'ab': 'ab_worst_fit', 'a': 1, 'b': 20} -269 40.1
ab-weibull5k-9.json.gz {'ab': 'ab_worst_fit', 'a': 1, 'b': 18} -263 42.1
ab-weibull5k-10.json.gz {'ab': 'ab_worst_fit', 'a': 1, 'b': 21} -258 35.7
ab-weibull5k-11.json.gz {'ab': 'ab_worst_fit', 'a': 1, 'b': 18} -272 34.0
ab-weibull5k-12.json.gz {'ab': 'ab_worst_fit', 'a': 1, 'b': 25} -266 32.5
ab-weibull5k-13.json.gz {'ab': 'ab_worst_fit', 'a': 0, 'b': 19} -255 33.1
ab-weibull5k-14.json.gz {'ab': 'ab_worst_fit', 'a': 1, 'b': 21} -281 35.9
ab-weibull5k-15.json.gz {'ab': 'ab_worst_fit', 'a': 1, 'b': 21} -273 34.5
ab-weibull5k-16.json.gz {'ab': 'ab_worst_fit', 'a': 1, 'b': 24} -264 33.8
ab-weibull5k-17.json.gz {'ab': 'ab_worst_fit', 'a': 1, 'b': 21} -262 32.4
ab-weibull5k-18.json.gz {'ab': 'ab_worst_fit', 'a': 0, 'b': 22} -264 32.7
ab-weibull5k-19.json.gz {'ab': 'ab_worst_fit', 'a': 1, 'b': 22} -272 32.7
