confirm[llm_proxy] 60/600 jobs  11s
confirm[llm_proxy] 120/600 jobs  13s
confirm[llm_proxy] 180/600 jobs  15s
confirm[llm_proxy] 240/600 jobs  20s
confirm[llm_proxy] 300/600 jobs  22s
confirm[llm_proxy] 360/600 jobs  23s
confirm[llm_proxy] 420/600 jobs  25s
confirm[llm_proxy] 480/600 jobs  27s
confirm[llm_proxy] 540/600 jobs  31s
confirm[llm_proxy] 600/600 jobs  34s

== labs (200 seeds; positive = adaptive_v2 better)
  patience_dev           mean=4.3918  diff=-0.2201 CI=[-0.307,-0.132] W/T/L=53/15/132 p=5.8e-09 holm=2.3e-08
  patience_256           mean=4.2891  diff=-0.1174 CI=[-0.212,-0.021] W/T/L=76/8/116 p=0.0048 holm=0.014
  without_leave          mean=4.203  diff=-0.03135 CI=[-0.13,+0.0676] W/T/L=89/21/90 p=1
  adaptive_v2            mean=4.1717
  v1_crossover_removed   mean=4.1607  diff=+0.01097 CI=[-0.0743,+0.0983] W/T/L=91/13/96 p=0.77
  v2_crossover_removed   mean=4.1553  diff=+0.01639 CI=[-0.0764,+0.112] W/T/L=96/12/92 p=0.83
  only_xo                mean=4.1458  diff=+0.02586 CI=[-0.0618,+0.118] W/T/L=91/17/92 p=1
  without_excursion      mean=4.1366  diff=+0.03512 CI=[-0.0271,+0.101] W/T/L=60/91/49 p=0.34
  timing_shuffled        mean=4.09  diff=+0.08171 CI=[-0.00882,+0.173] W/T/L=104/12/84 p=0.17 holm=0.17
  adaptive_v1            mean=4.0345  diff=+0.1372 CI=[+0.0427,+0.236] W/T/L=110/14/76 p=0.015 holm=0.031
  only_excursion         mean=4.0339  diff=+0.1377 CI=[+0.0412,+0.237] W/T/L=110/19/71 p=0.0046
  only_leave             mean=3.9897  diff=+0.182 CI=[+0.0905,+0.274] W/T/L=121/7/72 p=0.00052
  without_xo             mean=3.9893  diff=+0.1824 CI=[+0.0886,+0.278] W/T/L=117/8/75 p=0.003
  static_mix             mean=3.5838  diff=+0.5879 CI=[+0.492,+0.684] W/T/L=157/6/37 p=8.5e-19 holm=4.3e-18
  edits_only             mean=3.5488  diff=+0.6229 CI=[+0.526,+0.722] W/T/L=161/9/30 p=7.2e-23 holm=4.3e-22

== heilbronn (200 seeds; positive = adaptive_v2 better)
  static_mix             mean=0.010567  diff=-7.14e-05 CI=[-0.000475,+0.000337] W/T/L=94/0/106 p=0.44 holm=0.87
  only_excursion         mean=0.010506  diff=-1.018e-05 CI=[-0.000487,+0.000461] W/T/L=101/0/99 p=0.94
  adaptive_v2            mean=0.010496
  without_leave          mean=0.010495  diff=+1.299e-06 CI=[-0.000425,+0.000443] W/T/L=95/1/104 p=0.57
  only_xo                mean=0.010437  diff=+5.861e-05 CI=[-0.000362,+0.000493] W/T/L=97/0/103 p=0.72
  adaptive_v1            mean=0.010428  diff=+6.779e-05 CI=[-0.000401,+0.000522] W/T/L=105/0/95 p=0.52 holm=0.87
  without_excursion      mean=0.01042  diff=+7.617e-05 CI=[-9.03e-05,+0.000248] W/T/L=59/101/40 p=0.07
  without_xo             mean=0.0104  diff=+9.559e-05 CI=[-0.000302,+0.000489] W/T/L=97/0/103 p=0.72
  only_leave             mean=0.010342  diff=+0.0001537 CI=[-0.000255,+0.000568] W/T/L=104/0/96 p=0.62
  v2_crossover_removed   mean=0.010224  diff=+0.0002717 CI=[-0.000112,+0.000662] W/T/L=110/0/90 p=0.18
  patience_dev           mean=0.010009  diff=+0.0004867 CI=[+3.11e-05,+0.000935] W/T/L=122/0/78 p=0.0023 holm=0.0091
  edits_only             mean=0.009987  diff=+0.000509 CI=[+4.89e-05,+0.000965] W/T/L=122/0/78 p=0.0023 holm=0.0091
  patience_256           mean=0.0099809  diff=+0.0005152 CI=[+6.87e-05,+0.000964] W/T/L=124/0/76 p=0.00085 holm=0.0042
  v1_crossover_removed   mean=0.0099585  diff=+0.0005376 CI=[+9.56e-05,+0.000969] W/T/L=115/0/85 p=0.04
  timing_shuffled        mean=0.0094792  diff=+0.001017 CI=[+0.000642,+0.0014] W/T/L=125/0/75 p=0.0005 holm=0.003

== nk (200 seeds; positive = adaptive_v2 better)
  patience_dev           mean=0.74582  diff=-0.005049 CI=[-0.00821,-0.00189] W/T/L=84/0/116 p=0.028 holm=0.056
  v2_crossover_removed   mean=0.74285  diff=-0.002079 CI=[-0.00539,+0.00125] W/T/L=91/0/109 p=0.23
  v1_crossover_removed   mean=0.74204  diff=-0.001275 CI=[-0.00459,+0.00205] W/T/L=94/0/106 p=0.44
  patience_256           mean=0.74147  diff=-0.0006981 CI=[-0.00387,+0.00255] W/T/L=101/0/99 p=0.94 holm=0.94
  adaptive_v2            mean=0.74077
  without_excursion      mean=0.73979  diff=+0.0009795 CI=[-0.00108,+0.00306] W/T/L=42/112/46 p=0.75
  without_leave          mean=0.73909  diff=+0.001673 CI=[-0.00155,+0.00499] W/T/L=99/5/96 p=0.89
  only_xo                mean=0.73838  diff=+0.00239 CI=[-0.000705,+0.0055] W/T/L=105/4/91 p=0.35
  only_leave             mean=0.73731  diff=+0.003455 CI=[-0.000387,+0.00742] W/T/L=105/0/95 p=0.52
  without_xo             mean=0.73705  diff=+0.003718 CI=[+8.18e-05,+0.00738] W/T/L=102/0/98 p=0.83
  only_excursion         mean=0.73577  diff=+0.004999 CI=[+0.00153,+0.00853] W/T/L=114/1/85 p=0.047
  adaptive_v1            mean=0.735  diff=+0.005767 CI=[+0.00236,+0.00915] W/T/L=118/0/82 p=0.013 holm=0.039
  timing_shuffled        mean=0.73331  diff=+0.00746 CI=[+0.00397,+0.0109] W/T/L=128/0/72 p=9.1e-05 holm=0.00037
  static_mix             mean=0.71707  diff=+0.0237 CI=[+0.0197,+0.0277] W/T/L=158/0/42 p=5.1e-17 holm=2.6e-16
  edits_only             mean=0.7111  diff=+0.02967 CI=[+0.0255,+0.0338] W/T/L=171/2/27 p=8.6e-27 holm=5.2e-26
