
FunSearch's released Weibull 5k test data: 5 instances, capacity 100; excess over L1
  best fit                          3.984%
  Sum-of-Squares                    0.483%
  FunSearch Weibull                 0.684%
  FunSearch OR                      3.028%
  SS, FunSearch's stateless view    4.095%
  SS minus the better FunSearch heuristic: -4.00 bins/instance, wins/ties/losses 4/0/1

FunSearch's released OR3 data: 20 instances, capacity 150; excess over L1
  best fit                          5.368%
  Sum-of-Squares                    7.107%
  FunSearch Weibull                12.773%
  FunSearch OR                      3.106%
  SS minus the better FunSearch heuristic: +8.05 bins/instance, wins/ties/losses 0/0/20

Fresh instances from the repository's Weibull generator
  n=    80, 400 fresh instances: excess over L2  best fit 6.757%  SS 12.880% (over L1 12.880%, 4.2 bins above L1)  FunSearch 26.976%  | SS - FunSearch -4.55 bins/instance (395/5/0)
  n=   500, 100 fresh instances: excess over L2  best fit 4.969%  SS 4.531% (over L1 4.531%, 9.0 bins above L1)  FunSearch 6.258%  | SS - FunSearch -3.43 bins/instance (87/8/5)
  n=  5000,  20 fresh instances: excess over L2  best fit 3.996%  SS 0.529% (over L1 0.529%, 10.5 bins above L1)  FunSearch 0.736%  | SS - FunSearch -4.10 bins/instance (19/0/1)
  n= 20000,   4 fresh instances: excess over L2  best fit 3.928%  SS 0.138% (over L1 0.138%, 11.0 bins above L1)  FunSearch 0.179%  | SS - FunSearch -3.25 bins/instance (4/0/0)
  n= 10000,   5 fresh instances: excess over L2  best fit 3.890%  SS 0.317% (over L1 0.317%, 12.6 bins above L1)
  n=100000,   2 fresh instances: excess over L2  best fit 3.752%  SS 0.030% (over L1 0.030%, 12.0 bins above L1)
