2026-10-04 06:57:47 71.07 66.16 68.00
2026-10-04 06:58:47 75.02 68.45 68.73
2026-10-04 06:59:47 68.11 67.64 68.41
2026-10-04 07:00:47 61.46 65.69 67.62
2026-10-04 07:01:47 66.06 65.98 67.58
2026-10-04 07:02:47 62.67 65.30 67.23
2026-10-04 07:03:47 55.77 62.42 65.99
2026-10-04 07:04:47 50.06 59.72 64.75
2026-10-04 07:05:47 46.00 56.81 63.31
2026-10-04 07:06:47 61.24 58.95 63.65
2026-10-04 07:07:47 86.28 66.17 66.01
2026-10-04 07:08:47 83.01 69.98 67.51
2026-10-04 07:09:47 103.31 77.65 70.51
2026-10-04 07:10:47 110.21 85.30 73.92
2026-10-04 07:11:47 68.93 79.64 72.68
2026-10-04 07:12:48 52.14 73.10 70.72
2026-10-04 07:13:48 40.32 66.08 68.27
2026-10-04 07:14:48 38.23 60.73 66.11
2026-10-04 07:15:48 26.80 53.16 62.90
2026-10-04 07:16:48 27.32 48.42 60.46
2026-10-04 07:17:48 21.62 42.98 57.60
2026-10-04 07:18:48 27.01 40.79 55.79
2026-10-04 07:19:48 36.23 40.55 54.65
2026-10-04 07:20:48 39.76 40.83 53.81
2026-10-04 07:21:48 40.17 41.25 53.11
2026-10-04 07:22:48 28.85 37.75 50.99
2026-10-04 07:23:48 29.37 36.86 49.79
2026-10-04 07:24:48 21.35 33.02 47.46
2026-10-04 07:25:48 14.66 28.99 44.96
2026-10-04 07:26:48 13.70 26.29 42.88
2026-10-04 07:27:48 10.79 23.09 40.55
2026-10-04 07:28:48 16.85 22.57 39.16
2026-10-04 07:29:49 31.16 26.73 39.65
2026-10-04 07:30:49 24.91 25.63 38.35
2026-10-04 07:31:49 15.63 22.99 36.50
2026-10-04 07:32:49 17.02 21.87 35.15
2026-10-04 07:33:49 14.93 20.26 33.64
2026-10-04 07:34:49 11.92 18.32 31.99
2026-10-04 07:35:49 12.19 17.23 30.65
2026-10-04 07:36:49 10.24 15.80 29.20
2026-10-04 07:37:49 13.28 15.59 28.21
2026-10-04 07:38:49 16.91 16.40 27.66
2026-10-04 07:39:49 13.34 15.46 26.54
2026-10-04 07:40:49 12.06 14.81 25.55
2026-10-04 07:41:49 12.78 14.45 24.68
2026-10-04 07:42:49 9.48 13.19 23.51
2026-10-04 07:43:49 11.21 12.89 22.68
2026-10-04 07:44:50 11.22 12.56 21.89
2026-10-04 07:45:50 10.45 12.14 21.10
2026-10-04 07:46:50 9.46 11.53 20.26
2026-10-04 07:47:50 10.66 11.42 19.62
2026-10-04 07:48:50 9.64 10.99 18.90
2026-10-04 07:49:50 8.20 10.34 18.11
2026-10-04 07:50:50 7.79 9.87 17.41
2026-10-04 07:51:50 6.93 9.25 16.66
2026-10-04 07:52:50 7.23 8.94 16.04
2026-10-04 07:53:50 7.10 8.56 15.41
2026-10-04 07:54:50 7.32 8.33 14.85
2026-10-04 07:55:50 8.55 8.44 14.45
2026-10-04 07:56:50 7.59 8.22 13.96
2026-10-04 07:57:50 7.13 7.97 13.47
2026-10-04 07:58:50 7.08 7.78 13.02
2026-10-04 07:59:50 8.36 7.96 12.73
2026-10-04 08:00:50 8.86 8.20 12.49
2026-10-04 08:01:50 7.62 7.99 12.12
2026-10-04 08:02:50 7.01 7.73 11.74
2026-10-04 08:03:51 9.21 8.17 11.63
2026-10-04 08:04:51 9.79 8.60 11.56
2026-10-04 08:05:51 9.45 8.77 11.42
2026-10-04 08:06:51 10.29 9.16 11.39
2026-10-04 08:07:51 15.98 10.52 11.71
2026-10-04 08:08:51 9.62 9.74 11.34
2026-10-04 08:09:51 8.17 9.27 11.05
2026-10-04 08:10:51 8.10 8.97 10.81
2026-10-04 08:11:51 20.36 12.26 11.91
2026-10-04 08:12:51 14.76 12.16 11.89
2026-10-04 08:13:51 13.44 12.28 11.96
2026-10-04 08:14:51 10.12 11.53 11.69
2026-10-04 08:15:51 7.52 10.53 11.31
2026-10-04 08:16:51 7.24 9.89 11.01
2026-10-04 08:17:51 6.95 9.34 10.73
2026-10-04 08:18:51 8.80 9.50 10.70
2026-10-04 08:19:51 18.57 12.91 11.94
2026-10-04 08:20:51 11.03 11.78 11.58
2026-10-04 08:21:51 7.35 10.58 11.14
2026-10-04 08:22:51 6.89 9.76 10.79
2026-10-04 08:23:51 13.73 11.18 11.25
2026-10-04 08:24:51 29.70 17.37 13.62
2026-10-04 08:25:52 15.00 15.43 13.15
2026-10-04 08:26:52 9.28 13.73 12.67
2026-10-04 08:49:25 7.60 9.53 10.21
2026-10-04 08:50:25 12.76 10.55 10.53
2026-10-04 08:51:25 12.82 10.96 10.69
2026-10-04 08:52:25 26.90 14.76 12.09
2026-10-04 08:53:25 18.27 14.48 12.16
2026-10-04 08:54:25 13.98 14.10 12.19
2026-10-04 08:55:25 11.09 13.22 11.98
2026-10-04 08:56:25 12.78 13.59 12.22
2026-10-04 08:57:25 11.29 13.06 12.12
2026-10-04 08:58:25 10.64 12.53 11.98
2026-10-04 08:59:25 10.88 12.19 11.89
2026-10-04 09:00:25 9.48 11.57 11.67
2026-10-04 09:01:25 9.60 11.28 11.56
2026-10-04 09:02:25 11.79 11.86 11.77
2026-10-04 09:03:25 8.26 10.95 11.44
