{
 "positive_control_2_G0_reproduces_as_run": true
}
# overfit-gates-v1 tables (generated by analyze.py from summary.json)

Valid proposals 879, behaviour groups 206, runs 30. Advantage = best-fit bins minus program bins per instance; fresh = split A (24 instances).

## 1. As-run promotions: fixed-suite vs fresh advantage

| run | call | fixed adv | fresh adv | gap |
|---|---|---|---|---|
| executable-s6 | 16 | 4.80 | 1.71 | 3.09 |
| none-s6 | 2 | 0.40 | 1.50 | -1.10 |
| none-s6 | 4 | 0.80 | -0.67 | 1.47 |
| none-s6 | 14 | 1.20 | -0.12 | 1.32 |
| none-s6 | 22 | 2.00 | 3.46 | -1.46 |
| none-s6 | 23 | 3.00 | 2.12 | 0.88 |
| none-s6 | 24 | 4.60 | 4.33 | 0.27 |
| none-s6 | 26 | 15.40 | 15.67 | -0.27 |
| prose-s2 | 17 | 2.20 | 1.67 | 0.53 |
| prose-s2 | 28 | 2.80 | 2.25 | 0.55 |
| prose-s2 | 29 | 4.60 | 4.88 | -0.28 |
| prose-s3 | 26 | 5.00 | 5.79 | -0.79 |
| prose-s3 | 29 | 5.80 | 5.50 | 0.30 |
| prose-s4 | 10 | 0.20 | 0.04 | 0.16 |
| prose-s6 | 22 | 0.20 | -0.83 | 1.03 |
| prose-s6 | 23 | 0.80 | 0.04 | 0.76 |
| prose-s9 | 29 | 40.60 | 40.62 | -0.02 |

Mean gap (runs resampled): 0.61 [0.02, 1.49] bins/instance over 17 promotions in 7 runs. Calls 0-9: 0.18 (n=2); calls 10-29: 0.41 (n=15).
Final incumbents, mean over 30 runs: fixed adv 2.41, fresh adv 2.28.

## 2. Offline best-of-K (selection only)

| n public | K | mean gap | σ | σ√(2 ln K / n) |
|---|---|---|---|---|
| 1 | 1 | 0.03 | 10.77 | 0.00 |
| 1 | 2 | 0.03 | 11.47 | 13.51 |
| 1 | 5 | 0.06 | 11.26 | 20.20 |
| 1 | 10 | 0.18 | 10.88 | 23.35 |
| 1 | 20 | 0.48 | 11.82 | 28.93 |
| 1 | 30 | 0.53 | 12.11 | 31.58 |
| 2 | 1 | 0.02 | 10.77 | 0.00 |
| 2 | 2 | 0.02 | 11.47 | 9.55 |
| 2 | 5 | 0.04 | 11.26 | 14.28 |
| 2 | 10 | 0.13 | 10.88 | 16.51 |
| 2 | 20 | 0.32 | 11.82 | 20.46 |
| 2 | 30 | 0.31 | 12.11 | 22.33 |
| 5 | 1 | 0.01 | 10.77 | 0.00 |
| 5 | 2 | 0.01 | 11.47 | 6.04 |
| 5 | 5 | 0.02 | 11.26 | 9.03 |
| 5 | 10 | 0.07 | 10.88 | 10.44 |
| 5 | 20 | 0.16 | 11.82 | 12.94 |
| 5 | 30 | 0.19 | 12.11 | 14.12 |
| 10 | 1 | 0.01 | 10.77 | 0.00 |
| 10 | 2 | 0.01 | 11.47 | 4.27 |
| 10 | 5 | 0.01 | 11.26 | 6.39 |
| 10 | 10 | 0.04 | 10.88 | 7.38 |
| 10 | 20 | 0.09 | 11.82 | 9.15 |
| 10 | 30 | 0.10 | 12.11 | 9.99 |

## 3. Gate replay (open loop)

| gate | promotions | false acc. | false rej. | truly better | FA share | FR share | FA (material) | FR (material) | final fresh adv [95% CI] | extra items |
|---|---|---|---|---|---|---|---|---|---|---|
| G0 score-only | 17 | 4 | 19 | 32 | 0.24 | 0.59 | 5 | 9 | 2.28 [0.19, 5.53] | 0 |
| G1 sign test | 5 | 0 | 26 | 31 | 0.00 | 0.84 | 0 | 12 | 2.23 [0.16, 5.46] | 0 |
| G2 Ladder | 12 | 3 | 24 | 33 | 0.25 | 0.73 | 4 | 16 | 2.28 [0.22, 5.51] | 0 |
| G3 Thresholdout | 63 | 45 | 16 | 34 | 0.71 | 0.47 | 51 | 8 | 2.28 [0.22, 5.48] | 52,740,000 |
| G4 strict archive | 10 | 3 | 28 | 35 | 0.30 | 0.80 | 4 | 17 | 0.29 [-0.00, 0.72] | 1,431 |
| G5 random veto | 12 | 3 | 26 | 35 | 0.25 | 0.74 | 4 | 15 | 0.40 [0.00, 0.93] | 1,431 |
| G6 soft gate | 7 | 1 | 30 | 36 | 0.14 | 0.83 | 2 | 22 | 0.39 [-0.02, 0.95] | 421,510 |

| contrast (final fresh adv) | mean | 95% CI | p (bootstrap) | p (Holm) |
|---|---|---|---|---|
| G1 sign test - G0 | -0.05 | [-0.17, 0.03] | 0.495 | 1.000 |
| G2 Ladder - G0 | -0.00 | [-0.00, 0.00] | 0.364 | 1.000 |
| G3 Thresholdout - G0 | -0.00 | [-0.00, 0.00] | 0.359 | 1.000 |
| G4 strict archive - G0 | -1.99 | [-5.22, 0.00] | 0.045 | 0.268 |
| G5 random veto - G0 | -1.88 | [-5.12, 0.00] | 0.124 | 0.619 |
| G6 soft gate - G0 | -1.89 | [-5.15, 0.02] | 0.177 | 0.707 |

G4 − G5 false rejections per run: 0.07 [0.00, 0.20] (p 0.371).
Thresholdout sensitivity, final fresh adv: T=1: 2.22, T=4: 2.28
Positive control 2 (G0 replay reproduces the as-run promotions): True.

